[22:48:01] Настройки сохранены в settings.ini
[22:48:21] Авто-реконнект остановлен
[22:49:16] AFK Keeper остановлен
[22:49:35] Авто-реконнект остановлен
[22:57:09] Настройки сохранены в settings.ini
[22:57:12] Авто-реконнект остановлен
[22:57:13] Окно Roblox не найдено!
[22:57:32] Auto-reconnect stopped
[22:57:32] Roblox window not found!
[22:57:38] AFK Keeper stopped
[22:57:38] Auto-reconnect stopped
[00:25:22] Auto-reconnect stopped
[00:25:22] Roblox window not found!
[00:25:34] Settings saved to settings.ini
[00:25:36] Hover over the Reconnect button center and press F8...
[00:25:51] Auto-reconnect stopped
[00:25:51] Roblox window not found!
[00:25:56] AFK Keeper started
[00:25:59] AFK Keeper stopped
[00:26:09] Settings saved to settings.ini
[00:26:16] AFK Keeper stopped
[00:26:16] Auto-reconnect stopped
[07:11:47] Auto-reconnect stopped
[07:11:48] Roblox window not found!
[07:12:11] Settings saved to settings.ini
[07:12:25] Hover over the Reconnect button center and press F8...
[07:12:28] AFK Keeper started
[07:12:29] AFK Keeper stopped
[07:12:36] AFK Keeper stopped
[07:12:36] Auto-reconnect stopped
[07:16:57] AFK Keeper stopped
[07:16:57] Auto-reconnect stopped
[07:34:43] AFK Keeper stopped
[07:34:43] Auto-reconnect stopped
[07:35:09] Auto-reconnect stopped
[07:35:09] Roblox window not found!
[07:35:22] AFK Keeper stopped
[07:35:22] Auto-reconnect stopped
[20:55:09] Settings saved to settings.ini
[20:55:35] Авто-реконнект остановлен
[20:55:36] Окно Roblox не найдено!
[20:55:43] Авто-реконнект остановлен
[20:55:44] Окно Roblox не найдено!
[20:55:45] Авто-реконнект остановлен
[20:58:58] Авто-реконнект остановлен
[20:58:59] Окно Roblox не найдено!
[21:02:40] Auto-reconnect stopped
[21:02:42] Roblox window not found!
[21:02:43] Auto-reconnect stopped
[21:02:44] Roblox window not found!
[21:02:44] Auto-reconnect stopped
[21:02:47] Settings saved to settings.ini
[21:02:48] Hover over the Reconnect button center and press F8...
[21:06:37] Авто-реконнект остановлен
[21:06:38] Окно Roblox не найдено!
[21:07:22] Авто-реконнект остановлен
